------------------------------------------------------------
TimeQuest Timing Analyzer Summary
------------------------------------------------------------

Type  : Slow 1200mV 85C Model Setup 'ps2_clk'
Slack : -2.721
TNS   : -126.489

Type  : Slow 1200mV 85C Model Setup 'C2|altpll_0|sd1|pll7|clk[0]'
Slack : 2.732
TNS   : 0.000

Type  : Slow 1200mV 85C Model Hold 'C2|altpll_0|sd1|pll7|clk[0]'
Slack : 0.404
TNS   : 0.000

Type  : Slow 1200mV 85C Model Hold 'ps2_clk'
Slack : 0.440
TNS   : 0.000

Type  : Slow 1200mV 85C Model Minimum Pulse Width 'ps2_clk'
Slack : -3.000
TNS   : -72.390

Type  : Slow 1200mV 85C Model Minimum Pulse Width 'C2|altpll_0|sd1|pll7|clk[0]'
Slack : 4.338
TNS   : 0.000

Type  : Slow 1200mV 85C Model Minimum Pulse Width 'CLOCK_50'
Slack : 9.891
TNS   : 0.000

Type  : Slow 1200mV 0C Model Setup 'ps2_clk'
Slack : -2.449
TNS   : -112.425

Type  : Slow 1200mV 0C Model Setup 'C2|altpll_0|sd1|pll7|clk[0]'
Slack : 3.350
TNS   : 0.000

Type  : Slow 1200mV 0C Model Hold 'C2|altpll_0|sd1|pll7|clk[0]'
Slack : 0.355
TNS   : 0.000

Type  : Slow 1200mV 0C Model Hold 'ps2_clk'
Slack : 0.387
TNS   : 0.000

Type  : Slow 1200mV 0C Model Minimum Pulse Width 'ps2_clk'
Slack : -3.000
TNS   : -72.390

Type  : Slow 1200mV 0C Model Minimum Pulse Width 'C2|altpll_0|sd1|pll7|clk[0]'
Slack : 4.339
TNS   : 0.000

Type  : Slow 1200mV 0C Model Minimum Pulse Width 'CLOCK_50'
Slack : 9.887
TNS   : 0.000

Type  : Fast 1200mV 0C Model Setup 'ps2_clk'
Slack : -0.778
TNS   : -33.864

Type  : Fast 1200mV 0C Model Setup 'C2|altpll_0|sd1|pll7|clk[0]'
Slack : 6.052
TNS   : 0.000

Type  : Fast 1200mV 0C Model Hold 'C2|altpll_0|sd1|pll7|clk[0]'
Slack : 0.182
TNS   : 0.000

Type  : Fast 1200mV 0C Model Hold 'ps2_clk'
Slack : 0.199
TNS   : 0.000

Type  : Fast 1200mV 0C Model Minimum Pulse Width 'ps2_clk'
Slack : -3.000
TNS   : -65.026

Type  : Fast 1200mV 0C Model Minimum Pulse Width 'C2|altpll_0|sd1|pll7|clk[0]'
Slack : 4.411
TNS   : 0.000

Type  : Fast 1200mV 0C Model Minimum Pulse Width 'CLOCK_50'
Slack : 9.574
TNS   : 0.000

------------------------------------------------------------
