------------------------------------------------------------
TimeQuest Timing Analyzer Summary
------------------------------------------------------------

Type  : Slow 1200mV 85C Model Setup 'C2|altpll_0|sd1|pll7|clk[0]'
Slack : 5.150
TNS   : 0.000

Type  : Slow 1200mV 85C Model Hold 'C2|altpll_0|sd1|pll7|clk[0]'
Slack : 0.442
TNS   : 0.000

Type  : Slow 1200mV 85C Model Minimum Pulse Width 'C2|altpll_0|sd1|pll7|clk[0]'
Slack : 4.345
TNS   : 0.000

Type  : Slow 1200mV 85C Model Minimum Pulse Width 'CLOCK_50'
Slack : 9.891
TNS   : 0.000

Type  : Slow 1200mV 0C Model Setup 'C2|altpll_0|sd1|pll7|clk[0]'
Slack : 5.475
TNS   : 0.000

Type  : Slow 1200mV 0C Model Hold 'C2|altpll_0|sd1|pll7|clk[0]'
Slack : 0.400
TNS   : 0.000

Type  : Slow 1200mV 0C Model Minimum Pulse Width 'C2|altpll_0|sd1|pll7|clk[0]'
Slack : 4.339
TNS   : 0.000

Type  : Slow 1200mV 0C Model Minimum Pulse Width 'CLOCK_50'
Slack : 9.887
TNS   : 0.000

Type  : Fast 1200mV 0C Model Setup 'C2|altpll_0|sd1|pll7|clk[0]'
Slack : 7.255
TNS   : 0.000

Type  : Fast 1200mV 0C Model Hold 'C2|altpll_0|sd1|pll7|clk[0]'
Slack : 0.199
TNS   : 0.000

Type  : Fast 1200mV 0C Model Minimum Pulse Width 'C2|altpll_0|sd1|pll7|clk[0]'
Slack : 4.412
TNS   : 0.000

Type  : Fast 1200mV 0C Model Minimum Pulse Width 'CLOCK_50'
Slack : 9.574
TNS   : 0.000

------------------------------------------------------------
