Analysis & Synthesis report for Lab3
Thu Oct 04 11:29:26 2018
Quartus Prime Version 17.1.0 Build 590 10/25/2017 SJ Lite Edition


---------------------
; Table of Contents ;
---------------------
  1. Legal Notice
  2. Analysis & Synthesis Summary
  3. Analysis & Synthesis Settings
  4. Parallel Compilation
  5. Analysis & Synthesis Source Files Read
  6. Analysis & Synthesis Resource Usage Summary
  7. Analysis & Synthesis Resource Utilization by Entity
  8. Analysis & Synthesis IP Cores Summary
  9. State Machine - |lab3|lab2:C3|estado
 10. Registers Removed During Synthesis
 11. Removed Registers Triggering Further Register Optimizations
 12. General Register Statistics
 13. Inverted Register Statistics
 14. Multiplexer Restructuring Statistics (Restructuring Performed)
 15. Source assignments for PLL:C2|PLL_altpll_0:altpll_0
 16. Source assignments for PLL:C2|PLL_altpll_0:altpll_0|PLL_altpll_0_stdsync_sv6:stdsync2|PLL_altpll_0_dffpipe_l2c:dffpipe3
 17. Port Connectivity Checks: "Lab2:C3"
 18. Port Connectivity Checks: "PLL:C2|PLL_altpll_0:altpll_0|PLL_altpll_0_altpll_3742:sd1"
 19. Port Connectivity Checks: "PLL:C2|PLL_altpll_0:altpll_0"
 20. Port Connectivity Checks: "PLL:C2"
 21. Post-Synthesis Netlist Statistics for Top Partition
 22. Elapsed Time Per Partition
 23. Analysis & Synthesis Messages



----------------
; Legal Notice ;
----------------
Copyright (C) 2017  Intel Corporation. All rights reserved.
Your use of Intel Corporation's design tools, logic functions 
and other software and tools, and its AMPP partner logic 
functions, and any output files from any of the foregoing 
(including device programming or simulation files), and any 
associated documentation or information are expressly subject 
to the terms and conditions of the Intel Program License 
Subscription Agreement, the Intel Quartus Prime License Agreement,
the Intel FPGA IP License Agreement, or other applicable license
agreement, including, without limitation, that your use is for
the sole purpose of programming logic devices manufactured by
Intel and sold by Intel or its authorized distributors.  Please
refer to the applicable agreement for further details.



+----------------------------------------------------------------------------------+
; Analysis & Synthesis Summary                                                     ;
+------------------------------------+---------------------------------------------+
; Analysis & Synthesis Status        ; Successful - Thu Oct 04 11:29:26 2018       ;
; Quartus Prime Version              ; 17.1.0 Build 590 10/25/2017 SJ Lite Edition ;
; Revision Name                      ; Lab3                                        ;
; Top-level Entity Name              ; lab3                                        ;
; Family                             ; Cyclone IV E                                ;
; Total logic elements               ; 156                                         ;
;     Total combinational functions  ; 156                                         ;
;     Dedicated logic registers      ; 111                                         ;
; Total registers                    ; 111                                         ;
; Total pins                         ; 44                                          ;
; Total virtual pins                 ; 0                                           ;
; Total memory bits                  ; 0                                           ;
; Embedded Multiplier 9-bit elements ; 0                                           ;
; Total PLLs                         ; 1                                           ;
+------------------------------------+---------------------------------------------+


+----------------------------------------------------------------------------------------------------------------------+
; Analysis & Synthesis Settings                                                                                        ;
+----------------------------------------------------------------------------+--------------------+--------------------+
; Option                                                                     ; Setting            ; Default Value      ;
+----------------------------------------------------------------------------+--------------------+--------------------+
; Device                                                                     ; EP4CE115F29C7      ;                    ;
; Top-level entity name                                                      ; Lab3               ; Lab3               ;
; Family name                                                                ; Cyclone IV E       ; Cyclone V          ;
; Use smart compilation                                                      ; Off                ; Off                ;
; Enable parallel Assembler and TimeQuest Timing Analyzer during compilation ; On                 ; On                 ;
; Enable compact report table                                                ; Off                ; Off                ;
; Restructure Multiplexers                                                   ; Auto               ; Auto               ;
; Create Debugging Nodes for IP Cores                                        ; Off                ; Off                ;
; Preserve fewer node names                                                  ; On                 ; On                 ;
; Intel FPGA IP Evaluation Mode                                              ; Enable             ; Enable             ;
; Verilog Version                                                            ; Verilog_2001       ; Verilog_2001       ;
; VHDL Version                                                               ; VHDL_1993          ; VHDL_1993          ;
; State Machine Processing                                                   ; Auto               ; Auto               ;
; Safe State Machine                                                         ; Off                ; Off                ;
; Extract Verilog State Machines                                             ; On                 ; On                 ;
; Extract VHDL State Machines                                                ; On                 ; On                 ;
; Ignore Verilog initial constructs                                          ; Off                ; Off                ;
; Iteration limit for constant Verilog loops                                 ; 5000               ; 5000               ;
; Iteration limit for non-constant Verilog loops                             ; 250                ; 250                ;
; Add Pass-Through Logic to Inferred RAMs                                    ; On                 ; On                 ;
; Infer RAMs from Raw Logic                                                  ; On                 ; On                 ;
; Parallel Synthesis                                                         ; On                 ; On                 ;
; DSP Block Balancing                                                        ; Auto               ; Auto               ;
; NOT Gate Push-Back                                                         ; On                 ; On                 ;
; Power-Up Don't Care                                                        ; On                 ; On                 ;
; Remove Redundant Logic Cells                                               ; Off                ; Off                ;
; Remove Duplicate Registers                                                 ; On                 ; On                 ;
; Ignore CARRY Buffers                                                       ; Off                ; Off                ;
; Ignore CASCADE Buffers                                                     ; Off                ; Off                ;
; Ignore GLOBAL Buffers                                                      ; Off                ; Off                ;
; Ignore ROW GLOBAL Buffers                                                  ; Off                ; Off                ;
; Ignore LCELL Buffers                                                       ; Off                ; Off                ;
; Ignore SOFT Buffers                                                        ; On                 ; On                 ;
; Limit AHDL Integers to 32 Bits                                             ; Off                ; Off                ;
; Optimization Technique                                                     ; Balanced           ; Balanced           ;
; Carry Chain Length                                                         ; 70                 ; 70                 ;
; Auto Carry Chains                                                          ; On                 ; On                 ;
; Auto Open-Drain Pins                                                       ; On                 ; On                 ;
; Perform WYSIWYG Primitive Resynthesis                                      ; Off                ; Off                ;
; Auto ROM Replacement                                                       ; On                 ; On                 ;
; Auto RAM Replacement                                                       ; On                 ; On                 ;
; Auto DSP Block Replacement                                                 ; On                 ; On                 ;
; Auto Shift Register Replacement                                            ; Auto               ; Auto               ;
; Allow Shift Register Merging across Hierarchies                            ; Auto               ; Auto               ;
; Auto Clock Enable Replacement                                              ; On                 ; On                 ;
; Strict RAM Replacement                                                     ; Off                ; Off                ;
; Allow Synchronous Control Signals                                          ; On                 ; On                 ;
; Force Use of Synchronous Clear Signals                                     ; Off                ; Off                ;
; Auto RAM Block Balancing                                                   ; On                 ; On                 ;
; Auto RAM to Logic Cell Conversion                                          ; Off                ; Off                ;
; Auto Resource Sharing                                                      ; Off                ; Off                ;
; Allow Any RAM Size For Recognition                                         ; Off                ; Off                ;
; Allow Any ROM Size For Recognition                                         ; Off                ; Off                ;
; Allow Any Shift Register Size For Recognition                              ; Off                ; Off                ;
; Use LogicLock Constraints during Resource Balancing                        ; On                 ; On                 ;
; Ignore translate_off and synthesis_off directives                          ; Off                ; Off                ;
; Timing-Driven Synthesis                                                    ; On                 ; On                 ;
; Report Parameter Settings                                                  ; On                 ; On                 ;
; Report Source Assignments                                                  ; On                 ; On                 ;
; Report Connectivity Checks                                                 ; On                 ; On                 ;
; Ignore Maximum Fan-Out Assignments                                         ; Off                ; Off                ;
; Synchronization Register Chain Length                                      ; 2                  ; 2                  ;
; Power Optimization During Synthesis                                        ; Normal compilation ; Normal compilation ;
; HDL message level                                                          ; Level2             ; Level2             ;
; Suppress Register Optimization Related Messages                            ; Off                ; Off                ;
; Number of Removed Registers Reported in Synthesis Report                   ; 5000               ; 5000               ;
; Number of Swept Nodes Reported in Synthesis Report                         ; 5000               ; 5000               ;
; Number of Inverted Registers Reported in Synthesis Report                  ; 100                ; 100                ;
; Clock MUX Protection                                                       ; On                 ; On                 ;
; Auto Gated Clock Conversion                                                ; Off                ; Off                ;
; Block Design Naming                                                        ; Auto               ; Auto               ;
; SDC constraint protection                                                  ; Off                ; Off                ;
; Synthesis Effort                                                           ; Auto               ; Auto               ;
; Shift Register Replacement - Allow Asynchronous Clear Signal               ; On                 ; On                 ;
; Pre-Mapping Resynthesis Optimization                                       ; Off                ; Off                ;
; Analysis & Synthesis Message Level                                         ; Medium             ; Medium             ;
; Disable Register Merging Across Hierarchies                                ; Auto               ; Auto               ;
; Resource Aware Inference For Block RAM                                     ; On                 ; On                 ;
+----------------------------------------------------------------------------+--------------------+--------------------+


+------------------------------------------+
; Parallel Compilation                     ;
+----------------------------+-------------+
; Processors                 ; Number      ;
+----------------------------+-------------+
; Number detected on machine ; 8           ;
; Maximum allowed            ; 4           ;
;                            ;             ;
; Average used               ; 1.00        ;
; Maximum used               ; 4           ;
;                            ;             ;
; Usage by Processor         ; % Time Used ;
;     Processor 1            ; 100.0%      ;
;     Processors 2-4         ;   0.0%      ;
+----------------------------+-------------+


+-------------------------------------------------------------------------------------------------------------------------------------------------------------------------------------------------+
; Analysis & Synthesis Source Files Read                                                                                                                                                          ;
+-----------------------------------------+-----------------+------------------------+--------------------------------------------------------------------------------------------------+---------+
; File Name with User-Entered Path        ; Used in Netlist ; File Type              ; File Name with Absolute Path                                                                     ; Library ;
+-----------------------------------------+-----------------+------------------------+--------------------------------------------------------------------------------------------------+---------+
; vhdl2.vhd                               ; yes             ; User VHDL File         ; C:/Users/Estudiante/Desktop/Lab3_Computer_Structure/Lab3/vhdl2.vhd                               ;         ;
; lab3.vhd                                ; yes             ; User VHDL File         ; C:/Users/Estudiante/Desktop/Lab3_Computer_Structure/Lab3/lab3.vhd                                ;         ;
; PLL/synthesis/PLL.vhd                   ; yes             ; User VHDL File         ; C:/Users/Estudiante/Desktop/Lab3_Computer_Structure/Lab3/PLL/synthesis/PLL.vhd                   ; PLL     ;
; PLL/synthesis/submodules/PLL_altpll_0.v ; yes             ; User Verilog HDL File  ; C:/Users/Estudiante/Desktop/Lab3_Computer_Structure/Lab3/PLL/synthesis/submodules/PLL_altpll_0.v ; PLL     ;
; MY.vhd                                  ; yes             ; User VHDL File         ; C:/Users/Estudiante/Desktop/Lab3_Computer_Structure/Lab3/MY.vhd                                  ;         ;
; lab2.vhd                                ; yes             ; Auto-Found VHDL File   ; C:/Users/Estudiante/Desktop/Lab3_Computer_Structure/Lab3/lab2.vhd                                ;         ;
+-----------------------------------------+-----------------+------------------------+--------------------------------------------------------------------------------------------------+---------+


+--------------------------------------------------------------------------------------------------------------------------+
; Analysis & Synthesis Resource Usage Summary                                                                              ;
+---------------------------------------------+----------------------------------------------------------------------------+
; Resource                                    ; Usage                                                                      ;
+---------------------------------------------+----------------------------------------------------------------------------+
; Estimated Total logic elements              ; 156                                                                        ;
;                                             ;                                                                            ;
; Total combinational functions               ; 156                                                                        ;
; Logic element usage by number of LUT inputs ;                                                                            ;
;     -- 4 input functions                    ; 56                                                                         ;
;     -- 3 input functions                    ; 11                                                                         ;
;     -- <=2 input functions                  ; 89                                                                         ;
;                                             ;                                                                            ;
; Logic elements by mode                      ;                                                                            ;
;     -- normal mode                          ; 74                                                                         ;
;     -- arithmetic mode                      ; 82                                                                         ;
;                                             ;                                                                            ;
; Total registers                             ; 111                                                                        ;
;     -- Dedicated logic registers            ; 111                                                                        ;
;     -- I/O registers                        ; 0                                                                          ;
;                                             ;                                                                            ;
; I/O pins                                    ; 44                                                                         ;
;                                             ;                                                                            ;
; Embedded Multiplier 9-bit elements          ; 0                                                                          ;
;                                             ;                                                                            ;
; Total PLLs                                  ; 1                                                                          ;
;     -- PLLs                                 ; 1                                                                          ;
;                                             ;                                                                            ;
; Maximum fan-out node                        ; PLL:C2|PLL_altpll_0:altpll_0|PLL_altpll_0_altpll_3742:sd1|wire_pll7_clk[0] ;
; Maximum fan-out                             ; 59                                                                         ;
; Total fan-out                               ; 851                                                                        ;
; Average fan-out                             ; 2.39                                                                       ;
+---------------------------------------------+----------------------------------------------------------------------------+


+--------------------------------------------------------------------------------------------------------------------------------------------------------------------------------------------------------------------------------------------------------------------------------+
; Analysis & Synthesis Resource Utilization by Entity                                                                                                                                                                                                                            ;
+-----------------------------------------+---------------------+---------------------------+-------------+--------------+---------+-----------+------+--------------+-----------------------------------------------------------------+--------------------------+--------------+
; Compilation Hierarchy Node              ; Combinational ALUTs ; Dedicated Logic Registers ; Memory Bits ; DSP Elements ; DSP 9x9 ; DSP 18x18 ; Pins ; Virtual Pins ; Full Hierarchy Name                                             ; Entity Name              ; Library Name ;
+-----------------------------------------+---------------------+---------------------------+-------------+--------------+---------+-----------+------+--------------+-----------------------------------------------------------------+--------------------------+--------------+
; |lab3                                   ; 156 (0)             ; 111 (0)                   ; 0           ; 0            ; 0       ; 0         ; 44   ; 0            ; |lab3                                                           ; lab3                     ; work         ;
;    |PLL:C2|                             ; 0 (0)               ; 0 (0)                     ; 0           ; 0            ; 0       ; 0         ; 0    ; 0            ; |lab3|PLL:C2                                                    ; PLL                      ; pll          ;
;       |PLL_altpll_0:altpll_0|           ; 0 (0)               ; 0 (0)                     ; 0           ; 0            ; 0       ; 0         ; 0    ; 0            ; |lab3|PLL:C2|PLL_altpll_0:altpll_0                              ; PLL_altpll_0             ; PLL          ;
;          |PLL_altpll_0_altpll_3742:sd1| ; 0 (0)               ; 0 (0)                     ; 0           ; 0            ; 0       ; 0         ; 0    ; 0            ; |lab3|PLL:C2|PLL_altpll_0:altpll_0|PLL_altpll_0_altpll_3742:sd1 ; PLL_altpll_0_altpll_3742 ; PLL          ;
;    |SYNC:C1|                            ; 84 (84)             ; 57 (57)                   ; 0           ; 0            ; 0       ; 0         ; 0    ; 0            ; |lab3|SYNC:C1                                                   ; SYNC                     ; work         ;
;    |lab2:C3|                            ; 72 (72)             ; 54 (54)                   ; 0           ; 0            ; 0       ; 0         ; 0    ; 0            ; |lab3|lab2:C3                                                   ; lab2                     ; work         ;
+-----------------------------------------+---------------------+---------------------------+-------------+--------------+---------+-----------+------+--------------+-----------------------------------------------------------------+--------------------------+--------------+
Note: For table entries with two numbers listed, the numbers in parentheses indicate the number of resources of the given type used by the specific entity alone. The numbers listed outside of parentheses indicate the total resources of the given type used by the specific entity and all of its sub-entities in the hierarchy.


+----------------------------------------------------------------------------------------------------------------------+
; Analysis & Synthesis IP Cores Summary                                                                                ;
+--------+--------------+---------+--------------+--------------+------------------------------------+-----------------+
; Vendor ; IP Core Name ; Version ; Release Date ; License Type ; Entity Instance                    ; IP Include File ;
+--------+--------------+---------+--------------+--------------+------------------------------------+-----------------+
; N/A    ; Qsys         ; 17.1    ; N/A          ; N/A          ; |lab3|PLL:C2                       ; PLL.qsys        ;
; Altera ; altpll       ; 17.1    ; N/A          ; N/A          ; |lab3|PLL:C2|PLL_altpll_0:altpll_0 ; PLL.qsys        ;
+--------+--------------+---------+--------------+--------------+------------------------------------+-----------------+


Encoding Type:  One-Hot
+------------------------------------------------------------------------------------------------------------------------------------------------------------------------------------------------------------+
; State Machine - |lab3|lab2:C3|estado                                                                                                                                                                       ;
+------------------------+-------------------+------------------+------------+--------------+---------------------+-----------------------+------------------------+-----------------------+-----------------+
; Name                   ; estado.startagain ; estado.breakLine ; estado.fin ; estado.listo ; estado.configcursor ; estado.limpiardisplay ; estado.encenderdisplay ; estado.configpantalla ; estado.encender ;
+------------------------+-------------------+------------------+------------+--------------+---------------------+-----------------------+------------------------+-----------------------+-----------------+
; estado.encender        ; 0                 ; 0                ; 0          ; 0            ; 0                   ; 0                     ; 0                      ; 0                     ; 0               ;
; estado.configpantalla  ; 0                 ; 0                ; 0          ; 0            ; 0                   ; 0                     ; 0                      ; 1                     ; 1               ;
; estado.encenderdisplay ; 0                 ; 0                ; 0          ; 0            ; 0                   ; 0                     ; 1                      ; 0                     ; 1               ;
; estado.limpiardisplay  ; 0                 ; 0                ; 0          ; 0            ; 0                   ; 1                     ; 0                      ; 0                     ; 1               ;
; estado.configcursor    ; 0                 ; 0                ; 0          ; 0            ; 1                   ; 0                     ; 0                      ; 0                     ; 1               ;
; estado.listo           ; 0                 ; 0                ; 0          ; 1            ; 0                   ; 0                     ; 0                      ; 0                     ; 1               ;
; estado.fin             ; 0                 ; 0                ; 1          ; 0            ; 0                   ; 0                     ; 0                      ; 0                     ; 1               ;
; estado.breakLine       ; 0                 ; 1                ; 0          ; 0            ; 0                   ; 0                     ; 0                      ; 0                     ; 1               ;
; estado.startagain      ; 1                 ; 0                ; 0          ; 0            ; 0                   ; 0                     ; 0                      ; 0                     ; 1               ;
+------------------------+-------------------+------------------+------------+--------------+---------------------+-----------------------+------------------------+-----------------------+-----------------+


+----------------------------------------------------------------------------------+
; Registers Removed During Synthesis                                               ;
+-----------------------------------------+----------------------------------------+
; Register name                           ; Reason for Removal                     ;
+-----------------------------------------+----------------------------------------+
; SYNC:C1|B[1,5]                          ; Merged with SYNC:C1|R[7]               ;
; SYNC:C1|G[5]                            ; Merged with SYNC:C1|R[7]               ;
; SYNC:C1|B[7]                            ; Merged with SYNC:C1|R[7]               ;
; SYNC:C1|G[3,7]                          ; Merged with SYNC:C1|R[7]               ;
; SYNC:C1|B[3]                            ; Merged with SYNC:C1|R[7]               ;
; SYNC:C1|R[3]                            ; Merged with SYNC:C1|R[7]               ;
; SYNC:C1|B[0]                            ; Merged with SYNC:C1|R[7]               ;
; SYNC:C1|R[2]                            ; Merged with SYNC:C1|R[7]               ;
; SYNC:C1|G[0,2]                          ; Merged with SYNC:C1|R[7]               ;
; SYNC:C1|R[0]                            ; Merged with SYNC:C1|R[7]               ;
; SYNC:C1|B[6]                            ; Merged with SYNC:C1|R[7]               ;
; SYNC:C1|R[4]                            ; Merged with SYNC:C1|R[7]               ;
; SYNC:C1|B[4]                            ; Merged with SYNC:C1|R[7]               ;
; SYNC:C1|G[6]                            ; Merged with SYNC:C1|R[7]               ;
; SYNC:C1|B[2]                            ; Merged with SYNC:C1|R[7]               ;
; SYNC:C1|R[6]                            ; Merged with SYNC:C1|R[7]               ;
; SYNC:C1|G[4]                            ; Merged with SYNC:C1|R[7]               ;
; SYNC:C1|R[1,5]                          ; Merged with SYNC:C1|R[7]               ;
; SYNC:C1|G[1]                            ; Merged with SYNC:C1|R[7]               ;
; PLL:C2|PLL_altpll_0:altpll_0|prev_reset ; Stuck at GND due to stuck port data_in ;
; lab2:C3|\comb_logic:contar[0..31]       ; Lost fanout                            ;
; lab2:C3|\comb_logic:contar2[0..31]      ; Lost fanout                            ;
; lab2:C3|\comb_logic:contar3[0..31]      ; Lost fanout                            ;
; lab2:C3|info[0..7]                      ; Lost fanout                            ;
; lab2:C3|estado.encender                 ; Lost fanout                            ;
; lab2:C3|estado.configpantalla           ; Lost fanout                            ;
; lab2:C3|estado.encenderdisplay          ; Lost fanout                            ;
; lab2:C3|estado.limpiardisplay           ; Lost fanout                            ;
; lab2:C3|estado.configcursor             ; Lost fanout                            ;
; lab2:C3|estado.listo                    ; Lost fanout                            ;
; lab2:C3|estado.fin                      ; Lost fanout                            ;
; lab2:C3|estado.breakLine                ; Lost fanout                            ;
; lab2:C3|estado.startagain               ; Lost fanout                            ;
; Total Number of Removed Registers = 137 ;                                        ;
+-----------------------------------------+----------------------------------------+


+-----------------------------------------------------------------------------------------------------------------------------------------+
; Removed Registers Triggering Further Register Optimizations                                                                             ;
+--------------------------------+--------------------+-----------------------------------------------------------------------------------+
; Register name                  ; Reason for Removal ; Registers Removed due to This Register                                            ;
+--------------------------------+--------------------+-----------------------------------------------------------------------------------+
; lab2:C3|\comb_logic:contar3[0] ; Lost Fanouts       ; lab2:C3|\comb_logic:contar3[1], lab2:C3|\comb_logic:contar3[2],                   ;
;                                ;                    ; lab2:C3|\comb_logic:contar3[3], lab2:C3|\comb_logic:contar3[4],                   ;
;                                ;                    ; lab2:C3|\comb_logic:contar3[5], lab2:C3|\comb_logic:contar3[6],                   ;
;                                ;                    ; lab2:C3|\comb_logic:contar3[7], lab2:C3|\comb_logic:contar3[8],                   ;
;                                ;                    ; lab2:C3|\comb_logic:contar3[9], lab2:C3|\comb_logic:contar3[10],                  ;
;                                ;                    ; lab2:C3|\comb_logic:contar3[11], lab2:C3|\comb_logic:contar3[12],                 ;
;                                ;                    ; lab2:C3|\comb_logic:contar3[13], lab2:C3|\comb_logic:contar3[14],                 ;
;                                ;                    ; lab2:C3|\comb_logic:contar3[15], lab2:C3|\comb_logic:contar3[16],                 ;
;                                ;                    ; lab2:C3|\comb_logic:contar3[17], lab2:C3|\comb_logic:contar3[18],                 ;
;                                ;                    ; lab2:C3|\comb_logic:contar3[19], lab2:C3|\comb_logic:contar3[20],                 ;
;                                ;                    ; lab2:C3|\comb_logic:contar3[21], lab2:C3|\comb_logic:contar3[22],                 ;
;                                ;                    ; lab2:C3|\comb_logic:contar3[23], lab2:C3|\comb_logic:contar3[24],                 ;
;                                ;                    ; lab2:C3|\comb_logic:contar3[25], lab2:C3|\comb_logic:contar3[26],                 ;
;                                ;                    ; lab2:C3|\comb_logic:contar3[27], lab2:C3|\comb_logic:contar3[28],                 ;
;                                ;                    ; lab2:C3|\comb_logic:contar3[29], lab2:C3|\comb_logic:contar3[30],                 ;
;                                ;                    ; lab2:C3|\comb_logic:contar3[31]                                                   ;
; lab2:C3|\comb_logic:contar[31] ; Lost Fanouts       ; lab2:C3|estado.limpiardisplay, lab2:C3|estado.configcursor, lab2:C3|estado.listo, ;
;                                ;                    ; lab2:C3|estado.fin, lab2:C3|estado.breakLine, lab2:C3|estado.startagain           ;
+--------------------------------+--------------------+-----------------------------------------------------------------------------------+


+------------------------------------------------------+
; General Register Statistics                          ;
+----------------------------------------------+-------+
; Statistic                                    ; Value ;
+----------------------------------------------+-------+
; Total registers                              ; 111   ;
; Number of registers using Synchronous Clear  ; 86    ;
; Number of registers using Synchronous Load   ; 0     ;
; Number of registers using Asynchronous Clear ; 0     ;
; Number of registers using Asynchronous Load  ; 0     ;
; Number of registers using Clock Enable       ; 25    ;
; Number of registers using Preset             ; 0     ;
+----------------------------------------------+-------+


+---------------------------------------------------+
; Inverted Register Statistics                      ;
+-----------------------------------------+---------+
; Inverted Register                       ; Fan out ;
+-----------------------------------------+---------+
; lab2:C3|display_right[6]                ; 1       ;
; lab2:C3|display_right[5]                ; 1       ;
; lab2:C3|display_right[4]                ; 1       ;
; lab2:C3|display_right[3]                ; 1       ;
; lab2:C3|display_right[2]                ; 1       ;
; lab2:C3|display_right[1]                ; 1       ;
; lab2:C3|display_right[0]                ; 1       ;
; lab2:C3|display_left[6]                 ; 1       ;
; lab2:C3|display_left[5]                 ; 1       ;
; lab2:C3|display_left[4]                 ; 1       ;
; lab2:C3|display_left[3]                 ; 1       ;
; lab2:C3|display_left[2]                 ; 1       ;
; lab2:C3|display_left[1]                 ; 1       ;
; lab2:C3|display_left[0]                 ; 1       ;
; Total number of inverted registers = 14 ;         ;
+-----------------------------------------+---------+


+-----------------------------------------------------------------------------------------------------------------------------------------------------+
; Multiplexer Restructuring Statistics (Restructuring Performed)                                                                                      ;
+--------------------+-----------+---------------+----------------------+------------------------+------------+---------------------------------------+
; Multiplexer Inputs ; Bus Width ; Baseline Area ; Area if Restructured ; Saving if Restructured ; Registered ; Example Multiplexer Output            ;
+--------------------+-----------+---------------+----------------------+------------------------+------------+---------------------------------------+
; 5:1                ; 32 bits   ; 96 LEs        ; 32 LEs               ; 64 LEs                 ; Yes        ; |lab3|lab2:C3|\comb_logic:contar3[13] ;
; 7:1                ; 32 bits   ; 128 LEs       ; 32 LEs               ; 96 LEs                 ; Yes        ; |lab3|lab2:C3|\comb_logic:contar2[17] ;
; 8:1                ; 32 bits   ; 160 LEs       ; 32 LEs               ; 128 LEs                ; Yes        ; |lab3|lab2:C3|\comb_logic:contar[18]  ;
+--------------------+-----------+---------------+----------------------+------------------------+------------+---------------------------------------+


+-----------------------------------------------------+
; Source assignments for PLL:C2|PLL_altpll_0:altpll_0 ;
+----------------+-------+------+---------------------+
; Assignment     ; Value ; From ; To                  ;
+----------------+-------+------+---------------------+
; POWER_UP_LEVEL ; HIGH  ; -    ; pfdena_reg          ;
+----------------+-------+------+---------------------+


+-------------------------------------------------------------------------------------------------------------------------+
; Source assignments for PLL:C2|PLL_altpll_0:altpll_0|PLL_altpll_0_stdsync_sv6:stdsync2|PLL_altpll_0_dffpipe_l2c:dffpipe3 ;
+---------------------------------+-------+------+------------------------------------------------------------------------+
; Assignment                      ; Value ; From ; To                                                                     ;
+---------------------------------+-------+------+------------------------------------------------------------------------+
; AUTO_SHIFT_REGISTER_RECOGNITION ; OFF   ; -    ; -                                                                      ;
+---------------------------------+-------+------+------------------------------------------------------------------------+


+--------------------------------------------------------------------------------------------------------------------------------------------------------------------------------+
; Port Connectivity Checks: "Lab2:C3"                                                                                                                                            ;
+-------------+--------+----------+----------------------------------------------------------------------------------------------------------------------------------------------+
; Port        ; Type   ; Severity ; Details                                                                                                                                      ;
+-------------+--------+----------+----------------------------------------------------------------------------------------------------------------------------------------------+
; led_vector  ; Output ; Info     ; Connected to dangling logic. Logic that only feeds a dangling port will be removed.                                                          ;
; reset       ; Input  ; Warning  ; Declared by entity but not connected by instance. If a default value exists, it will be used.  Otherwise, the port will be connected to GND. ;
; velocity    ; Input  ; Warning  ; Declared by entity but not connected by instance. If a default value exists, it will be used.  Otherwise, the port will be connected to GND. ;
; provicional ; Input  ; Warning  ; Declared by entity but not connected by instance. If a default value exists, it will be used.  Otherwise, the port will be connected to GND. ;
; lcd         ; Output ; Warning  ; Declared by entity but not connected by instance. Logic that only feeds a dangling port will be removed.                                     ;
; enviar      ; Output ; Warning  ; Declared by entity but not connected by instance. Logic that only feeds a dangling port will be removed.                                     ;
; rs          ; Output ; Warning  ; Declared by entity but not connected by instance. Logic that only feeds a dangling port will be removed.                                     ;
; rw          ; Output ; Warning  ; Declared by entity but not connected by instance. Logic that only feeds a dangling port will be removed.                                     ;
+-------------+--------+----------+----------------------------------------------------------------------------------------------------------------------------------------------+


+---------------------------------------------------------------------------------------------------------------------+
; Port Connectivity Checks: "PLL:C2|PLL_altpll_0:altpll_0|PLL_altpll_0_altpll_3742:sd1"                               ;
+-----------+--------+----------+-------------------------------------------------------------------------------------+
; Port      ; Type   ; Severity ; Details                                                                             ;
+-----------+--------+----------+-------------------------------------------------------------------------------------+
; clk[4..1] ; Output ; Info     ; Connected to dangling logic. Logic that only feeds a dangling port will be removed. ;
; inclk[1]  ; Input  ; Info     ; Stuck at GND                                                                        ;
+-----------+--------+----------+-------------------------------------------------------------------------------------+


+------------------------------------------------------------------------------------------------------------------------------+
; Port Connectivity Checks: "PLL:C2|PLL_altpll_0:altpll_0"                                                                     ;
+--------------------+--------+----------+-------------------------------------------------------------------------------------+
; Port               ; Type   ; Severity ; Details                                                                             ;
+--------------------+--------+----------+-------------------------------------------------------------------------------------+
; readdata           ; Output ; Info     ; Connected to dangling logic. Logic that only feeds a dangling port will be removed. ;
; scandone           ; Output ; Info     ; Connected to dangling logic. Logic that only feeds a dangling port will be removed. ;
; scandataout        ; Output ; Info     ; Connected to dangling logic. Logic that only feeds a dangling port will be removed. ;
; areset             ; Input  ; Info     ; Stuck at GND                                                                        ;
; locked             ; Output ; Info     ; Connected to dangling logic. Logic that only feeds a dangling port will be removed. ;
; phasedone          ; Output ; Info     ; Connected to dangling logic. Logic that only feeds a dangling port will be removed. ;
; phasecounterselect ; Input  ; Info     ; Stuck at GND                                                                        ;
; phaseupdown        ; Input  ; Info     ; Stuck at GND                                                                        ;
; phasestep          ; Input  ; Info     ; Stuck at GND                                                                        ;
; scanclk            ; Input  ; Info     ; Stuck at GND                                                                        ;
; scanclkena         ; Input  ; Info     ; Stuck at GND                                                                        ;
; scandata           ; Input  ; Info     ; Stuck at GND                                                                        ;
; configupdate       ; Input  ; Info     ; Stuck at GND                                                                        ;
+--------------------+--------+----------+-------------------------------------------------------------------------------------+


+-----------------------------------------------+
; Port Connectivity Checks: "PLL:C2"            ;
+-------------+-------+----------+--------------+
; Port        ; Type  ; Severity ; Details      ;
+-------------+-------+----------+--------------+
; reset_reset ; Input ; Info     ; Stuck at GND ;
+-------------+-------+----------+--------------+


+-----------------------------------------------------+
; Post-Synthesis Netlist Statistics for Top Partition ;
+-----------------------+-----------------------------+
; Type                  ; Count                       ;
+-----------------------+-----------------------------+
; boundary_port         ; 44                          ;
; cycloneiii_ff         ; 111                         ;
;     ENA               ; 14                          ;
;     ENA SCLR          ; 11                          ;
;     SCLR              ; 75                          ;
;     plain             ; 11                          ;
; cycloneiii_lcell_comb ; 170                         ;
;     arith             ; 82                          ;
;         2 data inputs ; 82                          ;
;     normal            ; 88                          ;
;         1 data inputs ; 18                          ;
;         2 data inputs ; 3                           ;
;         3 data inputs ; 11                          ;
;         4 data inputs ; 56                          ;
; cycloneiii_pll        ; 1                           ;
;                       ;                             ;
; Max LUT depth         ; 4.10                        ;
; Average LUT depth     ; 2.74                        ;
+-----------------------+-----------------------------+


+-------------------------------+
; Elapsed Time Per Partition    ;
+----------------+--------------+
; Partition Name ; Elapsed Time ;
+----------------+--------------+
; Top            ; 00:00:01     ;
+----------------+--------------+


+-------------------------------+
; Analysis & Synthesis Messages ;
+-------------------------------+
Info: *******************************************************************
Info: Running Quartus Prime Analysis & Synthesis
    Info: Version 17.1.0 Build 590 10/25/2017 SJ Lite Edition
    Info: Processing started: Thu Oct 04 11:28:59 2018
Info: Command: quartus_map --read_settings_files=on --write_settings_files=off Lab3 -c Lab3
Warning (18236): Number of processors has not been specified which may cause overloading on shared machines.  Set the global assignment NUM_PARALLEL_PROCESSORS in your QSF to an appropriate value for best performance.
Info (20030): Parallel compilation is enabled and will use 4 of the 4 processors detected
Info (12021): Found 2 design units, including 1 entities, in source file vhdl2.vhd
    Info (12022): Found design unit 1: SYNC-MAIN File: C:/Users/Estudiante/Desktop/Lab3_Computer_Structure/Lab3/vhdl2.vhd Line: 18
    Info (12023): Found entity 1: SYNC File: C:/Users/Estudiante/Desktop/Lab3_Computer_Structure/Lab3/vhdl2.vhd Line: 6
Info (12021): Found 2 design units, including 1 entities, in source file lab3.vhd
    Info (12022): Found design unit 1: lab3-MAIN File: C:/Users/Estudiante/Desktop/Lab3_Computer_Structure/Lab3/lab3.vhd Line: 20
    Info (12023): Found entity 1: lab3 File: C:/Users/Estudiante/Desktop/Lab3_Computer_Structure/Lab3/lab3.vhd Line: 6
Info (12021): Found 2 design units, including 1 entities, in source file pll/synthesis/pll.vhd
    Info (12022): Found design unit 1: PLL-rtl File: C:/Users/Estudiante/Desktop/Lab3_Computer_Structure/Lab3/PLL/synthesis/PLL.vhd Line: 17
    Info (12023): Found entity 1: PLL File: C:/Users/Estudiante/Desktop/Lab3_Computer_Structure/Lab3/PLL/synthesis/PLL.vhd Line: 9
Info (12021): Found 4 design units, including 4 entities, in source file pll/synthesis/submodules/pll_altpll_0.v
    Info (12023): Found entity 1: PLL_altpll_0_dffpipe_l2c File: C:/Users/Estudiante/Desktop/Lab3_Computer_Structure/Lab3/PLL/synthesis/submodules/PLL_altpll_0.v Line: 37
    Info (12023): Found entity 2: PLL_altpll_0_stdsync_sv6 File: C:/Users/Estudiante/Desktop/Lab3_Computer_Structure/Lab3/PLL/synthesis/submodules/PLL_altpll_0.v Line: 98
    Info (12023): Found entity 3: PLL_altpll_0_altpll_3742 File: C:/Users/Estudiante/Desktop/Lab3_Computer_Structure/Lab3/PLL/synthesis/submodules/PLL_altpll_0.v Line: 130
    Info (12023): Found entity 4: PLL_altpll_0 File: C:/Users/Estudiante/Desktop/Lab3_Computer_Structure/Lab3/PLL/synthesis/submodules/PLL_altpll_0.v Line: 213
Info (12021): Found 2 design units, including 0 entities, in source file my.vhd
    Info (12022): Found design unit 1: MY File: C:/Users/Estudiante/Desktop/Lab3_Computer_Structure/Lab3/MY.vhd Line: 5
    Info (12022): Found design unit 2: MY-body File: C:/Users/Estudiante/Desktop/Lab3_Computer_Structure/Lab3/MY.vhd Line: 12
Warning (12019): Can't analyze file -- file font_rom.vhd is missing
Info (12127): Elaborating entity "Lab3" for the top level hierarchy
Warning (10540): VHDL Signal Declaration warning at lab3.vhd(21): used explicit default value for signal "RESET" because signal was never assigned a value File: C:/Users/Estudiante/Desktop/Lab3_Computer_Structure/Lab3/lab3.vhd Line: 21
Info (12128): Elaborating entity "PLL" for hierarchy "PLL:C2" File: C:/Users/Estudiante/Desktop/Lab3_Computer_Structure/Lab3/lab3.vhd Line: 60
Info (12128): Elaborating entity "PLL_altpll_0" for hierarchy "PLL:C2|PLL_altpll_0:altpll_0" File: C:/Users/Estudiante/Desktop/Lab3_Computer_Structure/Lab3/PLL/synthesis/PLL.vhd Line: 45
Info (12128): Elaborating entity "PLL_altpll_0_stdsync_sv6" for hierarchy "PLL:C2|PLL_altpll_0:altpll_0|PLL_altpll_0_stdsync_sv6:stdsync2" File: C:/Users/Estudiante/Desktop/Lab3_Computer_Structure/Lab3/PLL/synthesis/submodules/PLL_altpll_0.v Line: 276
Info (12128): Elaborating entity "PLL_altpll_0_dffpipe_l2c" for hierarchy "PLL:C2|PLL_altpll_0:altpll_0|PLL_altpll_0_stdsync_sv6:stdsync2|PLL_altpll_0_dffpipe_l2c:dffpipe3" File: C:/Users/Estudiante/Desktop/Lab3_Computer_Structure/Lab3/PLL/synthesis/submodules/PLL_altpll_0.v Line: 116
Info (12128): Elaborating entity "PLL_altpll_0_altpll_3742" for hierarchy "PLL:C2|PLL_altpll_0:altpll_0|PLL_altpll_0_altpll_3742:sd1" File: C:/Users/Estudiante/Desktop/Lab3_Computer_Structure/Lab3/PLL/synthesis/submodules/PLL_altpll_0.v Line: 282
Info (12128): Elaborating entity "SYNC" for hierarchy "SYNC:C1" File: C:/Users/Estudiante/Desktop/Lab3_Computer_Structure/Lab3/lab3.vhd Line: 62
Warning (12125): Using design file lab2.vhd, which is not specified as a design file for the current project, but contains definitions for 2 design units and 1 entities in project
    Info (12022): Found design unit 1: lab2-FSM File: C:/Users/Estudiante/Desktop/Lab3_Computer_Structure/Lab3/lab2.vhd Line: 33
    Info (12023): Found entity 1: lab2 File: C:/Users/Estudiante/Desktop/Lab3_Computer_Structure/Lab3/lab2.vhd Line: 8
Info (12128): Elaborating entity "Lab2" for hierarchy "Lab2:C3" File: C:/Users/Estudiante/Desktop/Lab3_Computer_Structure/Lab3/lab3.vhd Line: 63
Warning (10036): Verilog HDL or VHDL warning at lab2.vhd(36): object "stop" assigned a value but never read File: C:/Users/Estudiante/Desktop/Lab3_Computer_Structure/Lab3/lab2.vhd Line: 36
Warning (12241): 1 hierarchies have connectivity warnings - see the Connectivity Checks report folder
Info (286030): Timing-Driven Synthesis is running
Info (17049): 113 registers lost all their fanouts during netlist optimizations.
Info (16010): Generating hard_block partition "hard_block:auto_generated_inst"
    Info (16011): Adding 1 node(s), including 0 DDIO, 1 PLL, 0 transceiver and 0 LCELL
Info (21057): Implemented 201 device resources after synthesis - the final resource count might be different
    Info (21058): Implemented 3 input pins
    Info (21059): Implemented 41 output pins
    Info (21061): Implemented 156 logic cells
    Info (21065): Implemented 1 PLLs
Info: Quartus Prime Analysis & Synthesis was successful. 0 errors, 6 warnings
    Info: Peak virtual memory: 4814 megabytes
    Info: Processing ended: Thu Oct 04 11:29:26 2018
    Info: Elapsed time: 00:00:27
    Info: Total CPU time (on all processors): 00:00:50


